// Jest Snapshot v1, https://goo.gl/fbAQLP

exports[`<LayoutDefault /> matchs snapshot 1`] = `
<DocumentFragment>
  .emotion-0 {
  -webkit-flex: 1 0 0;
  -ms-flex: 1 0 0;
  flex: 1 0 0;
  color: #fff;
}

.emotion-0 a {
  color: #fff;
}

.emotion-0 p {
  line-height: 1.5;
}

.emotion-0 .subheader {
  display: -webkit-box;
  display: -webkit-flex;
  display: -ms-flexbox;
  display: flex;
  padding: 20px;
  border: 0;
  outline: 0;
  width: 100%;
  max-width: 90%;
  margin: 0 auto;
  color: #fff;
}

.emotion-0 .subheader .wrapper {
  position: relative;
  display: -webkit-box;
  display: -webkit-flex;
  display: -ms-flexbox;
  display: flex;
  -webkit-box-pack: center;
  -ms-flex-pack: center;
  -webkit-justify-content: center;
  justify-content: center;
  -webkit-align-items: center;
  -webkit-box-align: center;
  -ms-flex-align: center;
  align-items: center;
  text-align: center;
  width: 100%;
  padding: 20px;
  background: linear-gradient(10deg, rgba(255,255,255,0.1) 0%, rgba(230,230,230,0) 100%);
  border-radius: 5px;
}

.emotion-0 .subheader h3 {
  margin: 0 auto;
  text-transform: uppercase;
}

.emotion-0 .subheader .title {
  display: -webkit-box;
  display: -webkit-flex;
  display: -ms-flexbox;
  display: flex;
  -webkit-box-pack: center;
  -ms-flex-pack: center;
  -webkit-justify-content: center;
  justify-content: center;
  -webkit-align-items: center;
  -webkit-box-align: center;
  -ms-flex-align: center;
  align-items: center;
  text-align: center;
}

.emotion-0 .subheader .title svg {
  margin-right: 5px;
}

.emotion-0 main {
  display: -webkit-box;
  display: -webkit-flex;
  display: -ms-flexbox;
  display: flex;
  -webkit-box-pack: center;
  -ms-flex-pack: center;
  -webkit-justify-content: center;
  justify-content: center;
  -webkit-align-items: center;
  -webkit-box-align: center;
  -ms-flex-align: center;
  align-items: center;
  -webkit-box-flex-wrap: wrap;
  -webkit-flex-wrap: wrap;
  -ms-flex-wrap: wrap;
  flex-wrap: wrap;
  width: 100%;
  max-width: 90%;
  padding: 20px;
  margin: 0 auto;
}

.emotion-0 main>* {
  width: 100%;
}

<div
    class="emotion-0 emotion-1"
  >
    <div
      class="subheader"
    >
      <div
        class="wrapper"
      >
        <h2
          class="title"
        />
      </div>
    </div>
    <main />
  </div>
</DocumentFragment>
`;
