// Jest Snapshot v1, https://goo.gl/fbAQLP

exports[`<RandomModal /> matchs snapshot 1`] = `<DocumentFragment />`;
