// Jest Snapshot v1, https://goo.gl/fbAQLP

exports[`<VerifyKeyword /> matchs snapshot 1`] = `
<DocumentFragment>
  .emotion-0 {
  display: -webkit-inline-box;
  display: -webkit-inline-flex;
  display: -ms-inline-flexbox;
  display: inline-flex;
  -webkit-box-flex-wrap: wrap;
  -webkit-flex-wrap: wrap;
  -ms-flex-wrap: wrap;
  flex-wrap: wrap;
  -webkit-align-items: center;
  -webkit-box-align: center;
  -ms-flex-align: center;
  align-items: center;
  margin-top: 20px;
}

.emotion-0 form {
  display: -webkit-inline-box;
  display: -webkit-inline-flex;
  display: -ms-inline-flexbox;
  display: inline-flex;
  width: 100%;
}

.emotion-0 form input {
  border: none;
  color: #1c1c27;
  text-align: center;
  -webkit-flex: 1 0 0;
  -ms-flex: 1 0 0;
  flex: 1 0 0;
  padding: 10px 20px;
  border-radius: 4px;
}

.emotion-0 form button {
  margin-left: 10px;
}

.emotion-0 .keywords-list {
  width: 100%;
  margin-top: 20px;
}

.emotion-0 .keywords-list h3 {
  color: #fff;
}

.emotion-0 .keywords-list .sidebar {
  -webkit-flex-direction: row;
  -ms-flex-direction: row;
  flex-direction: row;
  -webkit-align-items: center;
  -webkit-box-align: center;
  -ms-flex-align: center;
  align-items: center;
  right: 0;
  top: 0;
  padding: 0 20px;
  height: 100%;
  background: rgba(83,96,117,0.1);
  border-left: 1px solid rgba(83,96,117,0.2);
  border-radius: 0 5px 5px 0;
}

.emotion-0 .keywords-list .sidebar>* {
  margin: 5px;
}

.emotion-0 .keywords-list .sidebar .counter+.copy {
  margin-top: 5px;
}

.emotion-2 {
  display: -webkit-inline-box;
  display: -webkit-inline-flex;
  display: -ms-inline-flexbox;
  display: inline-flex;
  -webkit-align-items: center;
  -webkit-box-align: center;
  -ms-flex-align: center;
  align-items: center;
  -webkit-box-pack: auto;
  -ms-flex-pack: auto;
  -webkit-justify-content: auto;
  justify-content: auto;
  border: 0;
  outline: 0;
  cursor: pointer;
  width: auto;
  opacity: 1;
  border-radius: 5px;
  -webkit-text-decoration: none;
  text-decoration: none;
  -webkit-transition: background 0.3s ease;
  transition: background 0.3s ease;
  color: #1c1c27;
  background: #fff;
  font-size: 16px;
  padding: 8px 16px;
  border-radius: 4px;
  border: 1px solid currentColor;
  background: transparent;
  color: #fff;
}

.emotion-2:disabled {
  cursor: auto;
}

.emotion-2:hover {
  background: #fff;
}

.emotion-2:disabled {
  color: rgba(83,96,117,0.5);
}

.emotion-2:hover {
  background: rgba(255,255,255,0.05);
}

.emotion-2:hover:disabled {
  background: transparent;
  color: rgba(83,96,117,0.5);
}

<div
    class="emotion-0 emotion-1"
  >
    <form>
      <input
        class="add-option__input"
        name="option"
        placeholder="Type a keyword. Use space for multiple keywords"
        type="text"
        value=""
      />
      <button
        class="emotion-2 emotion-3"
        color="white"
        type="submit"
      >
        Verify keyword
      </button>
    </form>
  </div>
</DocumentFragment>
`;
